// Jest Snapshot v1, https://goo.gl/fbAQLP

exports[`ProfileScreen renders correctly 1`] = `
<View
  style={
    [
      {
        "flexBasis": "0%",
        "flexGrow": 1,
        "flexShrink": 1,
      },
      {
        "backgroundColor": "#1f2937",
      },
      {
        "paddingBottom": 24,
        "paddingLeft": 24,
        "paddingRight": 24,
        "paddingTop": 24,
      },
    ]
  }
  testID="profileScreen"
>
  <View
    style={
      [
        {
          "flexDirection": "row",
        },
        {
          "alignItems": "center",
        },
        {
          "marginBottom": 32,
        },
      ]
    }
  >
    <View
      accessibilityState={
        {
          "busy": undefined,
          "checked": undefined,
          "disabled": undefined,
          "expanded": undefined,
          "selected": undefined,
        }
      }
      accessibilityValue={
        {
          "max": undefined,
          "min": undefined,
          "now": undefined,
          "text": undefined,
        }
      }
      accessible={true}
      collapsable={false}
      focusable={true}
      onClick={[Function]}
      onResponderGrant={[Function]}
      onResponderMove={[Function]}
      onResponderRelease={[Function]}
      onResponderTerminate={[Function]}
      onResponderTerminationRequest={[Function]}
      onStartShouldSetResponder={[Function]}
      style={
        {
          "opacity": 1,
        }
      }
    >
      <View
        style={
          [
            {
              "width": 80,
            },
            {
              "height": 80,
            },
            {
              "backgroundColor": "#e5e7eb",
            },
            {
              "borderBottomLeftRadius": 9999,
              "borderBottomRightRadius": 9999,
              "borderTopLeftRadius": 9999,
              "borderTopRightRadius": 9999,
            },
            {
              "marginRight": 16,
            },
            {
              "alignItems": "center",
            },
            {
              "flexDirection": "row",
            },
            {
              "justifyContent": "center",
            },
          ]
        }
      >
        <Text />
      </View>
    </View>
    <View>
      <Text
        style={
          [
            {
              "fontSize": 24,
              "lineHeight": 32,
            },
            {
              "fontWeight": "700",
            },
            {
              "color": "#fff",
            },
          ]
        }
      />
      <View
        accessibilityState={
          {
            "busy": undefined,
            "checked": undefined,
            "disabled": undefined,
            "expanded": undefined,
            "selected": undefined,
          }
        }
        accessibilityValue={
          {
            "max": undefined,
            "min": undefined,
            "now": undefined,
            "text": undefined,
          }
        }
        accessible={true}
        collapsable={false}
        focusable={true}
        onClick={[Function]}
        onResponderGrant={[Function]}
        onResponderMove={[Function]}
        onResponderRelease={[Function]}
        onResponderTerminate={[Function]}
        onResponderTerminationRequest={[Function]}
        onStartShouldSetResponder={[Function]}
        style={
          {
            "opacity": 1,
            "position": "absolute",
            "right": -20,
            "top": 16,
          }
        }
      >
        <Text />
      </View>
    </View>
  </View>
  <Text
    style={
      [
        {
          "fontSize": 20,
          "lineHeight": 28,
        },
        {
          "fontWeight": "700",
        },
        {
          "color": "#fff",
        },
        {
          "marginBottom": 4,
          "marginLeft": 4,
          "marginRight": 4,
          "marginTop": 4,
        },
      ]
    }
    testID="settingsTitle"
  >
    Settings
  </Text>
  <View
    style={
      [
        {
          "marginBottom": 16,
        },
        {
          "paddingTop": 16,
        },
        {
          "backgroundColor": "#fff",
        },
        {
          "borderBottomLeftRadius": 12,
          "borderBottomRightRadius": 12,
          "borderTopLeftRadius": 12,
          "borderTopRightRadius": 12,
        },
      ]
    }
  >
    <View
      accessibilityState={
        {
          "busy": undefined,
          "checked": undefined,
          "disabled": undefined,
          "expanded": undefined,
          "selected": undefined,
        }
      }
      accessibilityValue={
        {
          "max": undefined,
          "min": undefined,
          "now": undefined,
          "text": undefined,
        }
      }
      accessible={true}
      collapsable={false}
      focusable={false}
      onClick={[Function]}
      onResponderGrant={[Function]}
      onResponderMove={[Function]}
      onResponderRelease={[Function]}
      onResponderTerminate={[Function]}
      onResponderTerminationRequest={[Function]}
      onStartShouldSetResponder={[Function]}
      style={
        {
          "alignItems": "center",
          "flexDirection": "row",
          "justifyContent": "space-between",
          "marginBottom": 16,
          "marginLeft": 8,
          "marginRight": 8,
          "opacity": 1,
        }
      }
    >
      <View
        style={
          [
            {
              "flexDirection": "row",
            },
            {
              "alignItems": "center",
            },
          ]
        }
      >
        <Text />
        <Text
          style={
            [
              {
                "color": "#000",
              },
              {
                "marginLeft": 20,
                "marginRight": 20,
              },
            ]
          }
        />
      </View>
      <Text />
    </View>
    <View
      accessibilityState={
        {
          "busy": undefined,
          "checked": undefined,
          "disabled": undefined,
          "expanded": undefined,
          "selected": undefined,
        }
      }
      accessibilityValue={
        {
          "max": undefined,
          "min": undefined,
          "now": undefined,
          "text": undefined,
        }
      }
      accessible={true}
      collapsable={false}
      focusable={false}
      onClick={[Function]}
      onResponderGrant={[Function]}
      onResponderMove={[Function]}
      onResponderRelease={[Function]}
      onResponderTerminate={[Function]}
      onResponderTerminationRequest={[Function]}
      onStartShouldSetResponder={[Function]}
      style={
        {
          "alignItems": "center",
          "flexDirection": "row",
          "justifyContent": "space-between",
          "marginBottom": 16,
          "marginLeft": 8,
          "marginRight": 8,
          "opacity": 1,
        }
      }
    >
      <View
        style={
          [
            {
              "flexDirection": "row",
            },
            {
              "alignItems": "center",
            },
          ]
        }
      >
        <Text />
        <Text
          style={
            [
              {
                "color": "#000",
              },
              {
                "marginLeft": 20,
                "marginRight": 20,
              },
            ]
          }
        />
      </View>
      <Text />
    </View>
    <View
      accessibilityState={
        {
          "busy": undefined,
          "checked": undefined,
          "disabled": undefined,
          "expanded": undefined,
          "selected": undefined,
        }
      }
      accessibilityValue={
        {
          "max": undefined,
          "min": undefined,
          "now": undefined,
          "text": undefined,
        }
      }
      accessible={true}
      collapsable={false}
      focusable={false}
      onClick={[Function]}
      onResponderGrant={[Function]}
      onResponderMove={[Function]}
      onResponderRelease={[Function]}
      onResponderTerminate={[Function]}
      onResponderTerminationRequest={[Function]}
      onStartShouldSetResponder={[Function]}
      style={
        {
          "alignItems": "center",
          "flexDirection": "row",
          "justifyContent": "space-between",
          "marginBottom": 16,
          "marginLeft": 8,
          "marginRight": 8,
          "opacity": 1,
        }
      }
    >
      <View
        style={
          [
            {
              "flexDirection": "row",
            },
            {
              "alignItems": "center",
            },
          ]
        }
      >
        <Text />
        <Text
          style={
            [
              {
                "color": "#000",
              },
              {
                "marginLeft": 20,
                "marginRight": 20,
              },
            ]
          }
        >
          Edit Bank Account
        </Text>
      </View>
      <Text />
    </View>
  </View>
  <Text
    style={
      [
        {
          "fontSize": 20,
          "lineHeight": 28,
        },
        {
          "fontWeight": "700",
        },
        {
          "color": "#fff",
        },
        {
          "marginBottom": 4,
          "marginLeft": 4,
          "marginRight": 4,
          "marginTop": 4,
        },
      ]
    }
    testID="extensionsTitle"
  >
    Extensions
  </Text>
  <View
    style={
      [
        {
          "marginBottom": 16,
        },
        {
          "paddingTop": 16,
        },
        {
          "backgroundColor": "#fff",
        },
        {
          "borderBottomLeftRadius": 12,
          "borderBottomRightRadius": 12,
          "borderTopLeftRadius": 12,
          "borderTopRightRadius": 12,
        },
      ]
    }
  >
    <View
      accessibilityState={
        {
          "busy": undefined,
          "checked": undefined,
          "disabled": undefined,
          "expanded": undefined,
          "selected": undefined,
        }
      }
      accessibilityValue={
        {
          "max": undefined,
          "min": undefined,
          "now": undefined,
          "text": undefined,
        }
      }
      accessible={true}
      collapsable={false}
      focusable={false}
      onClick={[Function]}
      onResponderGrant={[Function]}
      onResponderMove={[Function]}
      onResponderRelease={[Function]}
      onResponderTerminate={[Function]}
      onResponderTerminationRequest={[Function]}
      onStartShouldSetResponder={[Function]}
      style={
        {
          "alignItems": "center",
          "flexDirection": "row",
          "justifyContent": "space-between",
          "marginBottom": 16,
          "marginLeft": 8,
          "marginRight": 8,
          "opacity": 1,
        }
      }
    >
      <View
        style={
          [
            {
              "flexDirection": "row",
            },
            {
              "alignItems": "center",
            },
          ]
        }
      >
        <Text />
        <Text
          style={
            [
              {
                "color": "#000",
              },
              {
                "marginLeft": 20,
                "marginRight": 20,
              },
            ]
          }
        >
          Expenses Splitter
        </Text>
      </View>
      <Text />
    </View>
  </View>
  <Text
    style={
      [
        {
          "fontSize": 20,
          "lineHeight": 28,
        },
        {
          "fontWeight": "700",
        },
        {
          "color": "#fff",
        },
        {
          "marginBottom": 4,
          "marginLeft": 4,
          "marginRight": 4,
          "marginTop": 4,
        },
      ]
    }
    testID="friendsTitle"
  >
    Friends
  </Text>
  <View
    style={
      [
        {
          "marginBottom": 16,
        },
        {
          "paddingTop": 16,
        },
        {
          "backgroundColor": "#fff",
        },
        {
          "borderBottomLeftRadius": 12,
          "borderBottomRightRadius": 12,
          "borderTopLeftRadius": 12,
          "borderTopRightRadius": 12,
        },
      ]
    }
  >
    <View
      accessibilityState={
        {
          "busy": undefined,
          "checked": undefined,
          "disabled": undefined,
          "expanded": undefined,
          "selected": undefined,
        }
      }
      accessibilityValue={
        {
          "max": undefined,
          "min": undefined,
          "now": undefined,
          "text": undefined,
        }
      }
      accessible={true}
      collapsable={false}
      focusable={false}
      onClick={[Function]}
      onResponderGrant={[Function]}
      onResponderMove={[Function]}
      onResponderRelease={[Function]}
      onResponderTerminate={[Function]}
      onResponderTerminationRequest={[Function]}
      onStartShouldSetResponder={[Function]}
      style={
        {
          "alignItems": "center",
          "flexDirection": "row",
          "justifyContent": "space-between",
          "marginBottom": 16,
          "marginLeft": 8,
          "marginRight": 8,
          "opacity": 1,
        }
      }
    >
      <View
        style={
          [
            {
              "flexDirection": "row",
            },
            {
              "alignItems": "center",
            },
          ]
        }
      >
        <Text />
        <Text
          style={
            [
              {
                "color": "#000",
              },
              {
                "marginLeft": 20,
                "marginRight": 20,
              },
            ]
          }
        >
          Add a Friend
        </Text>
      </View>
      <Text />
    </View>
    <View
      accessibilityState={
        {
          "busy": undefined,
          "checked": undefined,
          "disabled": undefined,
          "expanded": undefined,
          "selected": undefined,
        }
      }
      accessibilityValue={
        {
          "max": undefined,
          "min": undefined,
          "now": undefined,
          "text": undefined,
        }
      }
      accessible={true}
      collapsable={false}
      focusable={false}
      onClick={[Function]}
      onResponderGrant={[Function]}
      onResponderMove={[Function]}
      onResponderRelease={[Function]}
      onResponderTerminate={[Function]}
      onResponderTerminationRequest={[Function]}
      onStartShouldSetResponder={[Function]}
      style={
        {
          "alignItems": "center",
          "flexDirection": "row",
          "justifyContent": "space-between",
          "marginBottom": 16,
          "marginLeft": 8,
          "marginRight": 8,
          "opacity": 1,
        }
      }
    >
      <View
        style={
          [
            {
              "flexDirection": "row",
            },
            {
              "alignItems": "center",
            },
          ]
        }
      >
        <Text />
        <Text
          style={
            [
              {
                "color": "#000",
              },
              {
                "marginLeft": 20,
                "marginRight": 20,
              },
            ]
          }
        >
          Referral
        </Text>
      </View>
      <Text />
    </View>
  </View>
  <View
    accessibilityState={
      {
        "busy": undefined,
        "checked": undefined,
        "disabled": undefined,
        "expanded": undefined,
        "selected": undefined,
      }
    }
    accessibilityValue={
      {
        "max": undefined,
        "min": undefined,
        "now": undefined,
        "text": undefined,
      }
    }
    accessible={true}
    collapsable={false}
    focusable={true}
    onClick={[Function]}
    onResponderGrant={[Function]}
    onResponderMove={[Function]}
    onResponderRelease={[Function]}
    onResponderTerminate={[Function]}
    onResponderTerminationRequest={[Function]}
    onStartShouldSetResponder={[Function]}
    style={
      {
        "backgroundColor": "#ef4444",
        "borderBottomLeftRadius": 9999,
        "borderBottomRightRadius": 9999,
        "borderTopLeftRadius": 9999,
        "borderTopRightRadius": 9999,
        "marginTop": 12,
        "opacity": 1,
        "paddingBottom": 8,
        "paddingTop": 8,
      }
    }
  >
    <Text
      style={
        [
          {
            "textAlign": "center",
          },
          {
            "color": "#fff",
          },
          {
            "fontWeight": "700",
          },
          {
            "fontSize": 18,
            "lineHeight": 28,
          },
        ]
      }
    >
      Sign Out
    </Text>
  </View>
</View>
`;
