// Jest Snapshot v1, https://goo.gl/fbAQLP

exports[`WelcomeScreen renders correctly 1`] = `
<RCTSafeAreaView
  style={
    [
      {
        "backgroundColor": "#1f2937",
      },
      {
        "flexBasis": "0%",
        "flexGrow": 1,
        "flexShrink": 1,
      },
    ]
  }
  testID="welcomeScreen"
>
  <View
    style={
      [
        {
          "flexBasis": "0%",
          "flexGrow": 1,
          "flexShrink": 1,
        },
        {
          "display": "flex",
        },
        {
          "justifyContent": "space-around",
        },
      ]
    }
  >
    <View
      style={
        [
          {
            "alignItems": "center",
          },
        ]
      }
      testID="imageContainer"
    >
      <Image
        source={1}
        style={
          {
            "height": 200,
            "width": 350,
          }
        }
        testID="welcomeImage"
      />
    </View>
    <View
      style={
        [
          {
            "marginTop": -80,
          },
        ]
      }
      testID="headerTextContainer"
    >
      <Text
        style={
          [
            {
              "fontWeight": "700",
            },
            {
              "color": "#fff",
            },
            {
              "fontSize": 36,
              "lineHeight": 40,
            },
            {
              "paddingLeft": 20,
              "paddingRight": 20,
            },
          ]
        }
        testID="headerText"
      >
        Easiest way to manage your finances!
      </Text>
    </View>
    <View
      testID="buttonsContainer"
    >
      <View
        accessibilityState={
          {
            "busy": undefined,
            "checked": undefined,
            "disabled": undefined,
            "expanded": undefined,
            "selected": undefined,
          }
        }
        accessibilityValue={
          {
            "max": undefined,
            "min": undefined,
            "now": undefined,
            "text": undefined,
          }
        }
        accessible={true}
        collapsable={false}
        focusable={true}
        onClick={[Function]}
        onResponderGrant={[Function]}
        onResponderMove={[Function]}
        onResponderRelease={[Function]}
        onResponderTerminate={[Function]}
        onResponderTerminationRequest={[Function]}
        onStartShouldSetResponder={[Function]}
        style={
          {
            "backgroundColor": "#6b7280",
            "borderBottomLeftRadius": 12,
            "borderBottomRightRadius": 12,
            "borderTopLeftRadius": 12,
            "borderTopRightRadius": 12,
            "marginLeft": 28,
            "marginRight": 28,
            "opacity": 1,
            "paddingBottom": 12,
            "paddingTop": 12,
          }
        }
        testID="getStartedButton"
      >
        <Text
          style={
            [
              {
                "color": "#fff",
              },
              {
                "fontWeight": "700",
              },
              {
                "textAlign": "center",
              },
              {
                "fontSize": 20,
                "lineHeight": 28,
              },
            ]
          }
          testID="getStartedButtonText"
        >
          Get started
        </Text>
      </View>
      <View
        style={
          [
            {
              "flexDirection": "row",
            },
            {
              "justifyContent": "center",
            },
          ]
        }
        testID="loginContainer"
      >
        <Text
          style={
            [
              {
                "color": "#fff",
              },
              {
                "fontWeight": "600",
              },
              {
                "paddingBottom": 12,
                "paddingTop": 12,
              },
            ]
          }
          testID="loginPromptText"
        >
          Already have an account?
        </Text>
        <View
          accessibilityState={
            {
              "busy": undefined,
              "checked": undefined,
              "disabled": undefined,
              "expanded": undefined,
              "selected": undefined,
            }
          }
          accessibilityValue={
            {
              "max": undefined,
              "min": undefined,
              "now": undefined,
              "text": undefined,
            }
          }
          accessible={true}
          collapsable={false}
          focusable={true}
          onClick={[Function]}
          onResponderGrant={[Function]}
          onResponderMove={[Function]}
          onResponderRelease={[Function]}
          onResponderTerminate={[Function]}
          onResponderTerminationRequest={[Function]}
          onStartShouldSetResponder={[Function]}
          style={
            {
              "opacity": 1,
            }
          }
          testID="loginButton"
        >
          <Text
            style={
              [
                {
                  "color": "#6366f1",
                },
                {
                  "fontWeight": "600",
                },
                {
                  "paddingBottom": 12,
                  "paddingTop": 12,
                },
                {
                  "paddingLeft": 8,
                  "paddingRight": 8,
                },
              ]
            }
            testID="loginButtonText"
          >
            Login
          </Text>
        </View>
      </View>
    </View>
  </View>
</RCTSafeAreaView>
`;
